<html>
<body>
<pre>
<h1>µVision Build Log</h1>
<h2>Project:</h2>
C:\Keil\TortoiseSVN\coolName\students\ay5368_jgd765\Lab10\SpaceInvaders.uvproj
Project File Date:  06/11/2016

<h2>Output:</h2>
Rebuild target 'SpaceInvaders'
assembling startup.s...
assembling random.s...
compiling DAC.c...
compiling ADC.c...
compiling Timer0.c...
compiling Timer1.c...
compiling Sound.c...
assembling LCD.s...
assembling Print.s...
compiling SpaceInvaders.c...
compiling ST7735.c...
compiling MainMenu.c...
compiling Port_Init.c...
compiling TwoPlayer.c...
compiling Detection.c...
linking...
Program Size: Code=18572 RO-data=151308 RW-data=244 ZI-data=3180  
".\SpaceInvaders.axf" - 0 Error(s), 0 Warning(s).
</pre>
</body>
</html>
