<html>
<body>
<pre>
<h1>µVision Build Log</h1>
<h2>Project:</h2>
C:\Keil\fa2015\students\cc43965s\Lab10-Copy\students\cc43965s\Lab10\SpaceInvaders.uvproj
Project File Date:  11/18/2015

<h2>Output:</h2>
Rebuild target 'SpaceInvaders'
assembling startup.s...
assembling random.s...
compiling DAC.c...
compiling ADC.c...
compiling Timer0.c...
compiling Timer1.c...
compiling Sound.c...
assembling LCD.s...
assembling Print.s...
compiling SpaceInvaders.c...
compiling ST7735.c...
linking...
Program Size: Code=4548 RO-data=4680 RW-data=104 ZI-data=1176  
".\SpaceInvaders.axf" - 0 Errors, 0 Warning(s).
Clean started: Project: 'SpaceInvaders'
   deleting intermediate output files for target 'SpaceInvaders'
